// Jest Snapshot v1, https://goo.gl/fbAQLP

exports[`renders Form component correctly 1`] = `
<div
  className="container"
>
  <form
    onSubmit={[Function]}
  >
    <div
      className="fieldContainer"
    >
      <label
        className="fieldLabel"
      >
        Address:
        <input
          className="inputField"
          onChange={[Function]}
          placeholder="Address"
          type="text"
          value=""
        />
      </label>
    </div>
    <div
      className="fieldContainer"
    >
      <label
        className="fieldLabel"
      >
        Postcode:
        <input
          className="inputField"
          onChange={[Function]}
          placeholder="Postcode"
          type="text"
          value=""
        />
      </label>
    </div>
    <div
      className="fieldContainer"
    >
      <label
        className="fieldLabel"
      >
        No. of Beds:
        <input
          className="inputField"
          onChange={[Function]}
          placeholder="No. of Beds"
          type="text"
          value=""
        />
      </label>
    </div>
    <div
      className="fieldContainer"
    >
      <label
        className="fieldLabel"
      >
        Description:
        <input
          className="inputField"
          onChange={[Function]}
          placeholder="Description"
          type="text"
          value=""
        />
      </label>
    </div>
    <div
      className="fieldContainer"
    >
      <label
        className="fieldLabel"
      >
        Asking Price:
        <input
          className="inputField"
          onChange={[Function]}
          placeholder="Asking Price"
          type="text"
          value=""
        />
      </label>
    </div>
    <div
      className="fieldContainer"
    >
      <label
        className="fieldLabel"
      >
        Add Images Urls:
        <input
          className="inputField"
          onChange={[Function]}
          placeholder="Add Images Urls"
          type="text"
          value=""
        />
      </label>
    </div>
    <div
      className="actionsContainer"
    >
      <input
        className="action"
        type="submit"
        value="Submit"
      />
    </div>
  </form>
</div>
`;
